
> app-cuentas-cobro@0.1.0 build
> next build

   Ôû▓ Next.js 15.1.6
   - Environments: .env

   Creating an optimized production build ...
node.exe : Failed to 
compile.
En línea: 1 Carácter: 1
+ & "C:\Program 
Files\nodejs/node.exe" 
"C:\Program 
Files\nodejs/node_mo ...
+ ~~~~~~~~~~~~~~~~~~~~~~~~~
~~~~~~~~~~~~~~~~~~~~~~~~~~~
~~~~~~~~~~~~~~~~~
    + CategoryInfo         
     : NotSpecified: (Fai  
  led to compile.:String   
 ) [], RemoteException
    + FullyQualifiedErrorI 
   d : NativeCommandError
 

./src/lib/prisma.ts
Module not found: Can't 
resolve '@prisma/client'

https://nextjs.org/docs/mes
sages/module-not-found

Import trace for requested 
module:
./src/app/actions/invoice.t
s
./node_modules/next/dist/bu
ild/webpack/loaders/next-fl
ight-action-entry-loader.js
?actions=%5B%5B%22C%3A%5C%5
CUsers%5C%5CANA%20KARINA%5C
%5CDesktop%5C%5Cph%20cuenta
s%20de%20cobro%5C%5Capp-cue
ntas-cobro%5C%5Csrc%5C%5Cap
p%5C%5Cactions%5C%5Cinvoice
.ts%22%2C%5B%5B%2200844d06d
652555c8981be9db65e73d50406
1b8d75%22%2C%22getConjuntos
%22%5D%2C%5B%22401bb5076b3c
059d83de3d8f6a0e0bdf809453f
fcf%22%2C%22deleteInvoice%2
2%5D%2C%5B%224036072ee4efc4
f4f44f5ead5cd0359361f9ed507
1%22%2C%22saveInvoiceRecord
%22%5D%2C%5B%2270c5b1fafc1a
e3f15643feec1242b6bfa5c0c68
a53%22%2C%22getInvoices%22%
5D%2C%5B%2270dee914f6b4389f
7b43ad656ff9e2f3e4fd437ee6%
22%2C%22getInvoiceStats%22%
5D%2C%5B%227e12b1a92c9faacf
14b5b3bc64297f185abd997e05%
22%2C%22updateInvoiceStatus
%22%5D%5D%5D%5D&__client_im
ported__=true!

./src/lib/prisma.ts
Module not found: Can't 
resolve '@prisma/client'

https://nextjs.org/docs/mes
sages/module-not-found

Import trace for requested 
module:
./src/app/dashboard/debug/p
age.tsx


> Build failed because of 
webpack errors
